18:27:05.795 [main] INFO ru.docgen.config.DotEnv -- Загружен файл настроек C:\Users\Admin\IdeaProjects\FSP\.env

  .   ____          _            __ _ _
 /\\ / ___'_ __ _ _(_)_ __  __ _ \ \ \ \
( ( )\___ | '_ | '_| | '_ \/ _` | \ \ \ \
 \\/  ___)| |_)| | | | | || (_| |  ) ) ) )
  '  |____| .__|_| |_|_| |_\__, | / / / /
 =========|_|==============|___/=/_/_/_/

 :: Spring Boot ::                (v3.3.4)

2026-09-12T18:27:06.021+03:00  INFO 24524 --- [docgen-backend] [           main] ru.docgen.DocgenApplication              : Starting DocgenApplication using Java 26.0.2.1 with PID 24524 (C:\Users\Admin\IdeaProjects\FSP\backend\target\classes started by Admin in C:\Users\Admin\IdeaProjects\FSP\backend)
2026-09-12T18:27:06.022+03:00  INFO 24524 --- [docgen-backend] [           main] ru.docgen.DocgenApplication              : No active profile set, falling back to 1 default profile: "default"
WARNING: A restricted method in java.lang.System has been called
WARNING: java.lang.System::load has been called by org.apache.tomcat.jni.Library in an unnamed module (file:/C:/Users/Admin/.m2/repository/org/apache/tomcat/embed/tomcat-embed-core/10.1.30/tomcat-embed-core-10.1.30.jar)
WARNING: Use --enable-native-access=ALL-UNNAMED to avoid a warning for callers in this module
WARNING: Restricted methods will be blocked in a future release unless native access is enabled

2026-09-12T18:27:06.401+03:00  INFO 24524 --- [docgen-backend] [           main] o.s.b.w.embedded.tomcat.TomcatWebServer  : Tomcat initialized with port 8080 (http)
2026-09-12T18:27:06.407+03:00  INFO 24524 --- [docgen-backend] [           main] o.apache.catalina.core.StandardService   : Starting service [Tomcat]
2026-09-12T18:27:06.408+03:00  INFO 24524 --- [docgen-backend] [           main] o.apache.catalina.core.StandardEngine    : Starting Servlet engine: [Apache Tomcat/10.1.30]
2026-09-12T18:27:06.431+03:00  INFO 24524 --- [docgen-backend] [           main] o.a.c.c.C.[Tomcat].[localhost].[/]       : Initializing Spring embedded WebApplicationContext
2026-09-12T18:27:06.432+03:00  INFO 24524 --- [docgen-backend] [           main] w.s.c.ServletWebServerApplicationContext : Root WebApplicationContext: initialization completed in 391 ms
2026-09-12T18:27:06.648+03:00  INFO 24524 --- [docgen-backend] [           main] o.s.b.w.embedded.tomcat.TomcatWebServer  : Tomcat started on port 8080 (http) with context path '/'
2026-09-12T18:27:06.652+03:00  INFO 24524 --- [docgen-backend] [           main] ru.docgen.DocgenApplication              : Started DocgenApplication in 0.803 seconds (process running for 0.941)
2026-09-12T18:27:51.695+03:00  INFO 24524 --- [docgen-backend] [nio-8080-exec-1] o.a.c.c.C.[Tomcat].[localhost].[/]       : Initializing Spring DispatcherServlet 'dispatcherServlet'
2026-09-12T18:27:51.699+03:00  INFO 24524 --- [docgen-backend] [nio-8080-exec-1] o.s.web.servlet.DispatcherServlet        : Initializing Servlet 'dispatcherServlet'
2026-09-12T18:27:51.699+03:00  INFO 24524 --- [docgen-backend] [nio-8080-exec-1] o.s.web.servlet.DispatcherServlet        : Completed initialization in 0 ms
2026-09-12T18:28:01.750+03:00  INFO 24524 --- [docgen-backend] [nio-8080-exec-4] ru.docgen.ai.GigaChatProvider            : Токен GigaChat получен, истекает 2026-09-12T15:57:20.098Z
